[dotenv@17.3.1] injecting env (5) from .env -- tip: ­ƒöÉ encrypt with Dotenvx: https://dotenvx.com
[dotenv@17.3.1] injecting env (0) from .env -- tip: ­ƒöÉ prevent committing .env to code: https://dotenvx.com/precommit
--- Starting End-to-End Backend Test ---
1. Checking for a profile...
   Using Profile ID: e619a586-53b7-491a-b890-6fe507b10a4f
2. Testing Northie Pixel event...
   Pixel Response: { status: 'tracked' }
   Wait for persistence...
